// Jest Snapshot v1, https://goo.gl/fbAQLP

exports[`AppContainer should render without error 1`] = `
<div
  className="container"
>
  <header>
    <h1
      className="heading heading--level-1"
    >
      Pok√©debe
    </h1>
  </header>
  <p>
    Search
  </p>
  <footer
    className="footer"
  >
    <p>
      Made with 
      <span>
        love
      </span>
       by 
      <a
        href="http://github.com/martincleto"
        title="martincleto at GitHub"
      >
        martincleto
      </a>
       to Enric
    </p>
  </footer>
</div>
`;
