// Jest Snapshot v1, https://goo.gl/fbAQLP

exports[`Header should render without error 1`] = `
<header>
  <h1
    className="heading heading--level-1"
  >
    Pok√©debe
  </h1>
</header>
`;
