// Jest Snapshot v1, https://goo.gl/fbAQLP

exports[`Search should render without error 1`] = `
<p>
  Search
</p>
`;
